mode: atomic
github.com/duynhlab/product-service/internal/core/cache/product_cache.go:22.90,28.2 1 2
github.com/duynhlab/product-service/internal/core/cache/product_cache.go:31.61,33.2 1 39
github.com/duynhlab/product-service/internal/core/cache/product_cache.go:36.85,39.20 2 0
github.com/duynhlab/product-service/internal/core/cache/product_cache.go:39.20,41.3 1 0
github.com/duynhlab/product-service/internal/core/cache/product_cache.go:42.2,43.18 2 0
github.com/duynhlab/product-service/internal/core/cache/product_cache.go:43.18,45.3 1 0
github.com/duynhlab/product-service/internal/core/cache/product_cache.go:46.2,47.18 2 0
github.com/duynhlab/product-service/internal/core/cache/product_cache.go:47.18,49.3 1 0
github.com/duynhlab/product-service/internal/core/cache/product_cache.go:50.2,51.17 2 0
github.com/duynhlab/product-service/internal/core/cache/product_cache.go:51.17,53.3 1 0
github.com/duynhlab/product-service/internal/core/cache/product_cache.go:54.2,55.15 2 0
github.com/duynhlab/product-service/internal/core/cache/product_cache.go:55.15,57.3 1 0
github.com/duynhlab/product-service/internal/core/cache/product_cache.go:58.2,59.16 2 0
github.com/duynhlab/product-service/internal/core/cache/product_cache.go:59.16,61.3 1 0
github.com/duynhlab/product-service/internal/core/cache/product_cache.go:63.2,63.100 1 0
github.com/duynhlab/product-service/internal/core/cache/product_cache.go:68.92,71.16 3 38
github.com/duynhlab/product-service/internal/core/cache/product_cache.go:71.16,73.3 1 0
github.com/duynhlab/product-service/internal/core/cache/product_cache.go:74.2,74.17 1 38
github.com/duynhlab/product-service/internal/core/cache/product_cache.go:74.17,77.3 1 28
github.com/duynhlab/product-service/internal/core/cache/product_cache.go:79.2,80.55 2 10
github.com/duynhlab/product-service/internal/core/cache/product_cache.go:80.55,82.3 1 0
github.com/duynhlab/product-service/internal/core/cache/product_cache.go:84.2,84.22 1 10
github.com/duynhlab/product-service/internal/core/cache/product_cache.go:88.98,91.16 3 1
github.com/duynhlab/product-service/internal/core/cache/product_cache.go:91.16,93.3 1 0
github.com/duynhlab/product-service/internal/core/cache/product_cache.go:95.2,95.50 1 1
github.com/duynhlab/product-service/internal/core/cache/product_cache.go:100.140,103.16 2 11
github.com/duynhlab/product-service/internal/core/cache/product_cache.go:103.16,105.3 1 0
github.com/duynhlab/product-service/internal/core/cache/product_cache.go:106.2,106.20 1 11
github.com/duynhlab/product-service/internal/core/cache/product_cache.go:106.20,108.3 1 1
github.com/duynhlab/product-service/internal/core/cache/product_cache.go:111.2,113.16 3 10
github.com/duynhlab/product-service/internal/core/cache/product_cache.go:113.16,115.3 1 0
github.com/duynhlab/product-service/internal/core/cache/product_cache.go:117.2,117.14 1 10
github.com/duynhlab/product-service/internal/core/cache/product_cache.go:117.14,119.16 1 1
github.com/duynhlab/product-service/internal/core/cache/product_cache.go:119.16,119.53 1 1
github.com/duynhlab/product-service/internal/core/cache/product_cache.go:122.3,123.17 2 1
github.com/duynhlab/product-service/internal/core/cache/product_cache.go:123.17,125.4 1 0
github.com/duynhlab/product-service/internal/core/cache/product_cache.go:128.3,130.22 2 1
github.com/duynhlab/product-service/internal/core/cache/product_cache.go:131.8,139.7 4 9
github.com/duynhlab/product-service/internal/core/cache/product_cache.go:139.7,140.11 1 27
github.com/duynhlab/product-service/internal/core/cache/product_cache.go:141.22,142.26 1 0
github.com/duynhlab/product-service/internal/core/cache/product_cache.go:143.19,146.23 1 0
github.com/duynhlab/product-service/internal/core/cache/product_cache.go:147.20,150.19 2 27
github.com/duynhlab/product-service/internal/core/cache/product_cache.go:150.19,151.14 1 0
github.com/duynhlab/product-service/internal/core/cache/product_cache.go:153.5,153.23 1 27
github.com/duynhlab/product-service/internal/core/cache/product_cache.go:153.23,155.6 1 9
github.com/duynhlab/product-service/internal/core/cache/product_cache.go:163.122,166.16 3 0
github.com/duynhlab/product-service/internal/core/cache/product_cache.go:166.16,168.3 1 0
github.com/duynhlab/product-service/internal/core/cache/product_cache.go:169.2,169.17 1 0
github.com/duynhlab/product-service/internal/core/cache/product_cache.go:169.17,172.3 1 0
github.com/duynhlab/product-service/internal/core/cache/product_cache.go:174.2,178.54 2 0
github.com/duynhlab/product-service/internal/core/cache/product_cache.go:178.54,180.3 1 0
github.com/duynhlab/product-service/internal/core/cache/product_cache.go:182.2,182.43 1 0
github.com/duynhlab/product-service/internal/core/cache/product_cache.go:186.135,197.16 4 0
github.com/duynhlab/product-service/internal/core/cache/product_cache.go:197.16,199.3 1 0
github.com/duynhlab/product-service/internal/core/cache/product_cache.go:201.2,201.48 1 0
github.com/duynhlab/product-service/internal/core/cache/product_cache.go:205.80,208.2 2 0
github.com/duynhlab/product-service/internal/core/cache/product_cache.go:213.73,215.2 1 0
github.com/duynhlab/product-service/internal/core/cache/valkey_client.go:18.93,29.47 4 0
github.com/duynhlab/product-service/internal/core/cache/valkey_client.go:29.47,31.3 1 0
github.com/duynhlab/product-service/internal/core/cache/valkey_client.go:33.2,35.8 1 0
github.com/duynhlab/product-service/internal/core/cache/valkey_client.go:39.82,41.31 2 0
github.com/duynhlab/product-service/internal/core/cache/valkey_client.go:41.31,44.3 1 0
github.com/duynhlab/product-service/internal/core/cache/valkey_client.go:45.2,45.16 1 0
github.com/duynhlab/product-service/internal/core/cache/valkey_client.go:45.16,47.3 1 0
github.com/duynhlab/product-service/internal/core/cache/valkey_client.go:48.2,48.17 1 0
github.com/duynhlab/product-service/internal/core/cache/valkey_client.go:52.105,54.2 1 0
github.com/duynhlab/product-service/internal/core/cache/valkey_client.go:57.115,62.31 2 0
github.com/duynhlab/product-service/internal/core/cache/valkey_client.go:62.31,65.3 1 0
github.com/duynhlab/product-service/internal/core/cache/valkey_client.go:66.2,66.16 1 0
github.com/duynhlab/product-service/internal/core/cache/valkey_client.go:66.16,68.3 1 0
github.com/duynhlab/product-service/internal/core/cache/valkey_client.go:69.2,69.28 1 0
github.com/duynhlab/product-service/internal/core/cache/valkey_client.go:73.75,75.2 1 0
github.com/duynhlab/product-service/internal/core/cache/valkey_client.go:79.88,84.21 4 0
github.com/duynhlab/product-service/internal/core/cache/valkey_client.go:84.21,86.30 2 0
github.com/duynhlab/product-service/internal/core/cache/valkey_client.go:86.30,87.63 1 0
github.com/duynhlab/product-service/internal/core/cache/valkey_client.go:87.63,89.5 1 0
github.com/duynhlab/product-service/internal/core/cache/valkey_client.go:90.4,90.21 1 0
github.com/duynhlab/product-service/internal/core/cache/valkey_client.go:93.2,93.35 1 0
github.com/duynhlab/product-service/internal/core/cache/valkey_client.go:93.35,95.3 1 0
github.com/duynhlab/product-service/internal/core/cache/valkey_client.go:97.2,97.20 1 0
github.com/duynhlab/product-service/internal/core/cache/valkey_client.go:97.20,98.62 1 0
github.com/duynhlab/product-service/internal/core/cache/valkey_client.go:98.62,100.4 1 0
github.com/duynhlab/product-service/internal/core/cache/valkey_client.go:103.2,103.12 1 0
github.com/duynhlab/product-service/internal/core/cache/valkey_client.go:107.43,109.2 1 0
github.com/duynhlab/product-service/config/config.go:119.44,123.2 2 0
github.com/duynhlab/product-service/config/config.go:130.21,186.2 2 0
github.com/duynhlab/product-service/config/config.go:192.35,196.66 2 0
github.com/duynhlab/product-service/config/config.go:196.66,198.3 1 0
github.com/duynhlab/product-service/config/config.go:199.2,199.26 1 0
github.com/duynhlab/product-service/config/config.go:199.26,201.3 1 0
github.com/duynhlab/product-service/config/config.go:203.2,203.56 1 0
github.com/duynhlab/product-service/config/config.go:203.56,205.3 1 0
github.com/duynhlab/product-service/config/config.go:207.2,208.41 2 0
github.com/duynhlab/product-service/config/config.go:208.41,210.3 1 0
github.com/duynhlab/product-service/config/config.go:213.2,213.23 1 0
github.com/duynhlab/product-service/config/config.go:213.23,214.31 1 0
github.com/duynhlab/product-service/config/config.go:214.31,216.4 1 0
github.com/duynhlab/product-service/config/config.go:217.3,217.61 1 0
github.com/duynhlab/product-service/config/config.go:217.61,219.4 1 0
github.com/duynhlab/product-service/config/config.go:220.3,220.81 1 0
github.com/duynhlab/product-service/config/config.go:220.81,222.4 1 0
github.com/duynhlab/product-service/config/config.go:226.2,226.25 1 0
github.com/duynhlab/product-service/config/config.go:226.25,227.33 1 0
github.com/duynhlab/product-service/config/config.go:227.33,229.4 1 0
github.com/duynhlab/product-service/config/config.go:230.3,230.85 1 0
github.com/duynhlab/product-service/config/config.go:230.85,232.4 1 0
github.com/duynhlab/product-service/config/config.go:236.2,237.65 2 0
github.com/duynhlab/product-service/config/config.go:237.65,239.3 1 0
github.com/duynhlab/product-service/config/config.go:240.2,241.67 2 0
github.com/duynhlab/product-service/config/config.go:241.67,243.3 1 0
github.com/duynhlab/product-service/config/config.go:246.2,246.27 1 0
github.com/duynhlab/product-service/config/config.go:246.27,247.28 1 0
github.com/duynhlab/product-service/config/config.go:247.28,249.4 1 0
github.com/duynhlab/product-service/config/config.go:250.3,250.28 1 0
github.com/duynhlab/product-service/config/config.go:250.28,252.4 1 0
github.com/duynhlab/product-service/config/config.go:253.3,253.32 1 0
github.com/duynhlab/product-service/config/config.go:253.32,255.4 1 0
github.com/duynhlab/product-service/config/config.go:257.3,257.28 1 0
github.com/duynhlab/product-service/config/config.go:257.28,258.59 1 0
github.com/duynhlab/product-service/config/config.go:258.59,260.5 1 0
github.com/duynhlab/product-service/config/config.go:265.2,265.21 1 0
github.com/duynhlab/product-service/config/config.go:265.21,266.25 1 0
github.com/duynhlab/product-service/config/config.go:266.25,268.4 1 0
github.com/duynhlab/product-service/config/config.go:270.3,270.25 1 0
github.com/duynhlab/product-service/config/config.go:270.25,271.56 1 0
github.com/duynhlab/product-service/config/config.go:271.56,273.5 1 0
github.com/duynhlab/product-service/config/config.go:276.3,276.21 1 0
github.com/duynhlab/product-service/config/config.go:276.21,278.4 1 0
github.com/duynhlab/product-service/config/config.go:281.2,281.21 1 0
github.com/duynhlab/product-service/config/config.go:281.21,283.3 1 0
github.com/duynhlab/product-service/config/config.go:285.2,285.12 1 0
github.com/duynhlab/product-service/config/config.go:289.39,292.2 2 0
github.com/duynhlab/product-service/config/config.go:295.38,298.2 2 0
github.com/duynhlab/product-service/config/config.go:303.46,304.42 1 0
github.com/duynhlab/product-service/config/config.go:304.42,306.3 1 0
github.com/duynhlab/product-service/config/config.go:307.2,307.21 1 0
github.com/duynhlab/product-service/config/config.go:314.53,316.17 2 0
github.com/duynhlab/product-service/config/config.go:316.17,318.3 1 0
github.com/duynhlab/product-service/config/config.go:319.2,320.58 2 0
github.com/duynhlab/product-service/config/config.go:325.50,327.17 2 0
github.com/duynhlab/product-service/config/config.go:327.17,329.3 1 0
github.com/duynhlab/product-service/config/config.go:330.2,331.16 2 0
github.com/duynhlab/product-service/config/config.go:331.16,333.3 1 0
github.com/duynhlab/product-service/config/config.go:334.2,334.17 1 0
github.com/duynhlab/product-service/config/config.go:339.60,341.17 2 0
github.com/duynhlab/product-service/config/config.go:341.17,343.3 1 0
github.com/duynhlab/product-service/config/config.go:344.2,345.16 2 0
github.com/duynhlab/product-service/config/config.go:345.16,347.3 1 0
github.com/duynhlab/product-service/config/config.go:348.2,348.19 1 0
github.com/duynhlab/product-service/config/config.go:354.75,356.23 2 0
github.com/duynhlab/product-service/config/config.go:356.23,358.3 1 0
github.com/duynhlab/product-service/config/config.go:360.2,361.16 2 0
github.com/duynhlab/product-service/config/config.go:361.16,364.3 1 0
github.com/duynhlab/product-service/config/config.go:367.2,367.19 1 0
github.com/duynhlab/product-service/config/config.go:367.19,370.3 1 0
github.com/duynhlab/product-service/config/config.go:372.2,372.17 1 0
github.com/duynhlab/product-service/config/config.go:380.69,384.22 3 0
github.com/duynhlab/product-service/config/config.go:384.22,386.3 1 0
github.com/duynhlab/product-service/config/config.go:388.2,389.16 2 0
github.com/duynhlab/product-service/config/config.go:389.16,392.3 1 0
github.com/duynhlab/product-service/config/config.go:395.2,398.42 2 0
github.com/duynhlab/product-service/config/config.go:398.42,401.3 1 0
github.com/duynhlab/product-service/config/config.go:403.2,403.16 1 0
github.com/duynhlab/product-service/config/config.go:409.92,411.22 2 0
github.com/duynhlab/product-service/config/config.go:411.22,413.3 1 0
github.com/duynhlab/product-service/config/config.go:415.2,416.16 2 0
github.com/duynhlab/product-service/config/config.go:416.16,418.3 1 0
github.com/duynhlab/product-service/config/config.go:420.2,421.42 2 0
github.com/duynhlab/product-service/config/config.go:421.42,423.3 1 0
github.com/duynhlab/product-service/config/config.go:425.2,425.16 1 0
github.com/duynhlab/product-service/config/config.go:430.61,432.2 1 0
github.com/duynhlab/product-service/config/config.go:435.65,437.2 1 0
github.com/duynhlab/product-service/config/config.go:440.49,441.26 1 0
github.com/duynhlab/product-service/config/config.go:441.26,442.33 1 0
github.com/duynhlab/product-service/config/config.go:442.33,444.4 1 0
github.com/duynhlab/product-service/config/config.go:446.2,446.14 1 0
github.com/duynhlab/product-service/internal/core/repository/postgres_product_repository.go:24.82,26.2 1 0
github.com/duynhlab/product-service/internal/core/repository/postgres_product_repository.go:29.103,43.35 5 0
github.com/duynhlab/product-service/internal/core/repository/postgres_product_repository.go:43.35,45.3 1 0
github.com/duynhlab/product-service/internal/core/repository/postgres_product_repository.go:46.2,46.16 1 0
github.com/duynhlab/product-service/internal/core/repository/postgres_product_repository.go:46.16,48.3 1 0
github.com/duynhlab/product-service/internal/core/repository/postgres_product_repository.go:50.2,51.22 2 0
github.com/duynhlab/product-service/internal/core/repository/postgres_product_repository.go:55.123,66.28 4 0
github.com/duynhlab/product-service/internal/core/repository/postgres_product_repository.go:66.28,70.3 3 0
github.com/duynhlab/product-service/internal/core/repository/postgres_product_repository.go:72.2,72.26 1 0
github.com/duynhlab/product-service/internal/core/repository/postgres_product_repository.go:72.26,76.3 3 0
github.com/duynhlab/product-service/internal/core/repository/postgres_product_repository.go:78.2,84.18 4 0
github.com/duynhlab/product-service/internal/core/repository/postgres_product_repository.go:84.18,85.47 1 0
github.com/duynhlab/product-service/internal/core/repository/postgres_product_repository.go:85.47,87.4 1 0
github.com/duynhlab/product-service/internal/core/repository/postgres_product_repository.go:90.2,91.39 2 0
github.com/duynhlab/product-service/internal/core/repository/postgres_product_repository.go:91.39,93.3 1 0
github.com/duynhlab/product-service/internal/core/repository/postgres_product_repository.go:94.2,97.16 3 0
github.com/duynhlab/product-service/internal/core/repository/postgres_product_repository.go:97.16,99.3 1 0
github.com/duynhlab/product-service/internal/core/repository/postgres_product_repository.go:100.2,101.16 2 0
github.com/duynhlab/product-service/internal/core/repository/postgres_product_repository.go:101.16,103.3 1 0
github.com/duynhlab/product-service/internal/core/repository/postgres_product_repository.go:104.2,108.16 4 0
github.com/duynhlab/product-service/internal/core/repository/postgres_product_repository.go:108.16,110.3 1 0
github.com/duynhlab/product-service/internal/core/repository/postgres_product_repository.go:111.2,114.18 3 0
github.com/duynhlab/product-service/internal/core/repository/postgres_product_repository.go:114.18,118.17 4 0
github.com/duynhlab/product-service/internal/core/repository/postgres_product_repository.go:118.17,120.4 1 0
github.com/duynhlab/product-service/internal/core/repository/postgres_product_repository.go:121.3,122.39 2 0
github.com/duynhlab/product-service/internal/core/repository/postgres_product_repository.go:125.2,125.35 1 0
github.com/duynhlab/product-service/internal/core/repository/postgres_product_repository.go:125.35,127.3 1 0
github.com/duynhlab/product-service/internal/core/repository/postgres_product_repository.go:129.2,129.22 1 0
github.com/duynhlab/product-service/internal/core/repository/postgres_product_repository.go:133.108,144.28 4 0
github.com/duynhlab/product-service/internal/core/repository/postgres_product_repository.go:144.28,148.3 3 0
github.com/duynhlab/product-service/internal/core/repository/postgres_product_repository.go:150.2,150.26 1 0
github.com/duynhlab/product-service/internal/core/repository/postgres_product_repository.go:150.26,153.3 2 0
github.com/duynhlab/product-service/internal/core/repository/postgres_product_repository.go:155.2,157.16 3 0
github.com/duynhlab/product-service/internal/core/repository/postgres_product_repository.go:157.16,159.3 1 0
github.com/duynhlab/product-service/internal/core/repository/postgres_product_repository.go:161.2,161.19 1 0
github.com/duynhlab/product-service/internal/core/repository/postgres_product_repository.go:165.133,175.16 3 0
github.com/duynhlab/product-service/internal/core/repository/postgres_product_repository.go:175.16,177.3 1 0
github.com/duynhlab/product-service/internal/core/repository/postgres_product_repository.go:178.2,181.18 3 0
github.com/duynhlab/product-service/internal/core/repository/postgres_product_repository.go:181.18,185.17 4 0
github.com/duynhlab/product-service/internal/core/repository/postgres_product_repository.go:185.17,187.4 1 0
github.com/duynhlab/product-service/internal/core/repository/postgres_product_repository.go:188.3,189.39 2 0
github.com/duynhlab/product-service/internal/core/repository/postgres_product_repository.go:192.2,192.35 1 0
github.com/duynhlab/product-service/internal/core/repository/postgres_product_repository.go:192.35,194.3 1 0
github.com/duynhlab/product-service/internal/core/repository/postgres_product_repository.go:196.2,196.22 1 0
github.com/duynhlab/product-service/internal/core/repository/postgres_product_repository.go:200.96,209.16 4 0
github.com/duynhlab/product-service/internal/core/repository/postgres_product_repository.go:209.16,211.3 1 0
github.com/duynhlab/product-service/internal/core/repository/postgres_product_repository.go:213.2,214.12 2 0
github.com/duynhlab/product-service/internal/core/repository/postgres_product_repository.go:218.96,227.16 3 0
github.com/duynhlab/product-service/internal/core/repository/postgres_product_repository.go:227.16,229.3 1 0
github.com/duynhlab/product-service/internal/core/repository/postgres_product_repository.go:231.2,231.32 1 0
github.com/duynhlab/product-service/internal/core/repository/postgres_product_repository.go:231.32,233.3 1 0
github.com/duynhlab/product-service/internal/core/repository/postgres_product_repository.go:235.2,235.12 1 0
github.com/duynhlab/product-service/internal/core/repository/postgres_product_repository.go:239.82,243.16 3 0
github.com/duynhlab/product-service/internal/core/repository/postgres_product_repository.go:243.16,245.3 1 0
github.com/duynhlab/product-service/internal/core/repository/postgres_product_repository.go:247.2,247.32 1 0
github.com/duynhlab/product-service/internal/core/repository/postgres_product_repository.go:247.32,249.3 1 0
github.com/duynhlab/product-service/internal/core/repository/postgres_product_repository.go:251.2,251.12 1 0
github.com/duynhlab/product-service/internal/core/database.go:33.44,45.20 2 0
github.com/duynhlab/product-service/internal/core/database.go:45.20,47.3 1 0
github.com/duynhlab/product-service/internal/core/database.go:48.2,48.20 1 0
github.com/duynhlab/product-service/internal/core/database.go:48.20,50.3 1 0
github.com/duynhlab/product-service/internal/core/database.go:51.2,51.20 1 0
github.com/duynhlab/product-service/internal/core/database.go:51.20,53.3 1 0
github.com/duynhlab/product-service/internal/core/database.go:54.2,54.24 1 0
github.com/duynhlab/product-service/internal/core/database.go:54.24,56.3 1 0
github.com/duynhlab/product-service/internal/core/database.go:58.2,58.17 1 0
github.com/duynhlab/product-service/internal/core/database.go:66.44,71.2 2 0
github.com/duynhlab/product-service/internal/core/database.go:85.58,87.16 2 0
github.com/duynhlab/product-service/internal/core/database.go:87.16,89.3 1 0
github.com/duynhlab/product-service/internal/core/database.go:92.2,93.16 2 0
github.com/duynhlab/product-service/internal/core/database.go:93.16,95.3 1 0
github.com/duynhlab/product-service/internal/core/database.go:101.2,107.16 5 0
github.com/duynhlab/product-service/internal/core/database.go:107.16,109.3 1 0
github.com/duynhlab/product-service/internal/core/database.go:112.2,112.39 1 0
github.com/duynhlab/product-service/internal/core/database.go:112.39,115.3 2 0
github.com/duynhlab/product-service/internal/core/database.go:118.2,120.18 2 0
github.com/duynhlab/product-service/internal/core/database.go:125.30,127.2 1 0
github.com/duynhlab/product-service/internal/core/database.go:132.28,134.2 1 0
github.com/duynhlab/product-service/internal/core/database.go:137.46,138.42 1 0
github.com/duynhlab/product-service/internal/core/database.go:138.42,140.3 1 0
github.com/duynhlab/product-service/internal/core/database.go:141.2,141.21 1 0
github.com/duynhlab/product-service/internal/core/database.go:145.50,146.38 1 0
github.com/duynhlab/product-service/internal/core/database.go:146.38,147.51 1 0
github.com/duynhlab/product-service/internal/core/database.go:147.51,149.4 1 0
github.com/duynhlab/product-service/internal/core/database.go:151.2,151.21 1 0
github.com/duynhlab/product-service/cmd/main.go:31.13,37.16 3 0
github.com/duynhlab/product-service/cmd/main.go:37.16,38.55 1 0
github.com/duynhlab/product-service/cmd/main.go:40.2,40.15 1 0
github.com/duynhlab/product-service/cmd/main.go:40.15,40.36 1 0
github.com/duynhlab/product-service/cmd/main.go:44.2,44.49 1 0
github.com/duynhlab/product-service/cmd/main.go:44.49,45.85 1 0
github.com/duynhlab/product-service/cmd/main.go:45.85,47.4 1 0
github.com/duynhlab/product-service/cmd/main.go:48.3,49.9 2 0
github.com/duynhlab/product-service/cmd/main.go:53.2,53.39 1 0
github.com/duynhlab/product-service/cmd/main.go:53.39,54.59 1 0
github.com/duynhlab/product-service/cmd/main.go:57.2,66.25 3 0
github.com/duynhlab/product-service/cmd/main.go:66.25,68.17 2 0
github.com/duynhlab/product-service/cmd/main.go:68.17,70.4 1 0
github.com/duynhlab/product-service/cmd/main.go:70.9,75.4 1 0
github.com/duynhlab/product-service/cmd/main.go:76.8,78.3 1 0
github.com/duynhlab/product-service/cmd/main.go:81.2,81.25 1 0
github.com/duynhlab/product-service/cmd/main.go:81.25,83.17 2 0
github.com/duynhlab/product-service/cmd/main.go:83.17,85.4 1 0
github.com/duynhlab/product-service/cmd/main.go:85.9,87.17 2 0
github.com/duynhlab/product-service/cmd/main.go:87.17,87.62 1 0
github.com/duynhlab/product-service/cmd/main.go:92.2,92.27 1 0
github.com/duynhlab/product-service/cmd/main.go:92.27,93.52 1 0
github.com/duynhlab/product-service/cmd/main.go:93.52,95.4 1 0
github.com/duynhlab/product-service/cmd/main.go:95.9,100.4 2 0
github.com/duynhlab/product-service/cmd/main.go:101.8,103.3 1 0
github.com/duynhlab/product-service/cmd/main.go:106.2,107.16 2 0
github.com/duynhlab/product-service/cmd/main.go:107.16,109.3 1 0
github.com/duynhlab/product-service/cmd/main.go:110.2,119.23 6 0
github.com/duynhlab/product-service/cmd/main.go:119.23,122.17 3 0
github.com/duynhlab/product-service/cmd/main.go:122.17,127.4 1 0
github.com/duynhlab/product-service/cmd/main.go:127.9,134.17 3 0
github.com/duynhlab/product-service/cmd/main.go:134.17,135.47 1 0
github.com/duynhlab/product-service/cmd/main.go:135.47,137.6 1 0
github.com/duynhlab/product-service/cmd/main.go:137.11,139.6 1 0
github.com/duynhlab/product-service/cmd/main.go:142.8,144.3 1 0
github.com/duynhlab/product-service/cmd/main.go:147.2,148.16 2 0
github.com/duynhlab/product-service/cmd/main.go:148.16,151.3 2 0
github.com/duynhlab/product-service/cmd/main.go:152.2,152.15 1 0
github.com/duynhlab/product-service/cmd/main.go:152.15,152.41 1 0
github.com/duynhlab/product-service/cmd/main.go:153.2,188.40 13 0
github.com/duynhlab/product-service/cmd/main.go:188.40,190.3 1 0
github.com/duynhlab/product-service/cmd/main.go:194.2,194.39 1 0
github.com/duynhlab/product-service/cmd/main.go:194.39,195.28 1 0
github.com/duynhlab/product-service/cmd/main.go:195.28,198.4 2 0
github.com/duynhlab/product-service/cmd/main.go:199.3,199.47 1 0
github.com/duynhlab/product-service/cmd/main.go:203.2,220.12 7 0
github.com/duynhlab/product-service/cmd/main.go:220.12,222.77 2 0
github.com/duynhlab/product-service/cmd/main.go:222.77,224.4 1 0
github.com/duynhlab/product-service/cmd/main.go:228.2,238.20 7 0
github.com/duynhlab/product-service/cmd/main.go:238.20,242.3 3 0
github.com/duynhlab/product-service/cmd/main.go:245.2,255.50 5 0
github.com/duynhlab/product-service/cmd/main.go:255.50,257.3 1 0
github.com/duynhlab/product-service/cmd/main.go:257.8,259.3 1 0
github.com/duynhlab/product-service/cmd/main.go:265.2,269.15 3 0
github.com/duynhlab/product-service/cmd/main.go:269.15,270.50 1 0
github.com/duynhlab/product-service/cmd/main.go:270.50,272.4 1 0
github.com/duynhlab/product-service/cmd/main.go:272.9,274.4 1 0
github.com/duynhlab/product-service/cmd/main.go:277.2,277.43 1 0
github.com/duynhlab/product-service/internal/logic/v1/details.go:42.121,50.16 4 5
github.com/duynhlab/product-service/internal/logic/v1/details.go:50.16,52.3 1 1
github.com/duynhlab/product-service/internal/logic/v1/details.go:55.2,63.28 3 4
github.com/duynhlab/product-service/internal/logic/v1/details.go:63.28,66.3 2 1
github.com/duynhlab/product-service/internal/logic/v1/details.go:68.2,69.16 2 3
github.com/duynhlab/product-service/internal/logic/v1/details.go:69.16,77.3 3 1
github.com/duynhlab/product-service/internal/logic/v1/details.go:79.2,87.21 4 2
github.com/duynhlab/product-service/internal/logic/v1/details.go:91.81,93.16 2 9
github.com/duynhlab/product-service/internal/logic/v1/details.go:93.16,95.3 1 2
github.com/duynhlab/product-service/internal/logic/v1/details.go:97.2,98.28 2 7
github.com/duynhlab/product-service/internal/logic/v1/details.go:98.28,100.3 1 17
github.com/duynhlab/product-service/internal/logic/v1/details.go:101.2,102.29 2 7
github.com/duynhlab/product-service/internal/logic/v1/service.go:27.134,33.2 1 19
github.com/duynhlab/product-service/internal/logic/v1/service.go:37.122,44.27 3 5
github.com/duynhlab/product-service/internal/logic/v1/service.go:44.27,46.17 2 2
github.com/duynhlab/product-service/internal/logic/v1/service.go:46.17,50.4 2 0
github.com/duynhlab/product-service/internal/logic/v1/service.go:50.9,50.35 1 2
github.com/duynhlab/product-service/internal/logic/v1/service.go:50.35,58.4 2 1
github.com/duynhlab/product-service/internal/logic/v1/service.go:60.3,60.57 1 1
github.com/duynhlab/product-service/internal/logic/v1/service.go:64.2,65.16 2 4
github.com/duynhlab/product-service/internal/logic/v1/service.go:65.16,68.3 2 1
github.com/duynhlab/product-service/internal/logic/v1/service.go:71.2,72.16 2 3
github.com/duynhlab/product-service/internal/logic/v1/service.go:72.16,75.3 2 1
github.com/duynhlab/product-service/internal/logic/v1/service.go:78.2,78.27 1 2
github.com/duynhlab/product-service/internal/logic/v1/service.go:78.27,79.86 1 1
github.com/duynhlab/product-service/internal/logic/v1/service.go:79.86,83.4 2 0
github.com/duynhlab/product-service/internal/logic/v1/service.go:86.2,90.29 2 2
github.com/duynhlab/product-service/internal/logic/v1/service.go:95.94,103.27 3 10
github.com/duynhlab/product-service/internal/logic/v1/service.go:103.27,104.91 1 2
github.com/duynhlab/product-service/internal/logic/v1/service.go:104.91,107.18 2 2
github.com/duynhlab/product-service/internal/logic/v1/service.go:107.18,110.5 1 1
github.com/duynhlab/product-service/internal/logic/v1/service.go:111.4,111.17 1 1
github.com/duynhlab/product-service/internal/logic/v1/service.go:114.3,114.17 1 2
github.com/duynhlab/product-service/internal/logic/v1/service.go:114.17,115.42 1 1
github.com/duynhlab/product-service/internal/logic/v1/service.go:115.42,118.5 2 1
github.com/duynhlab/product-service/internal/logic/v1/service.go:120.4,123.19 2 0
github.com/duynhlab/product-service/internal/logic/v1/service.go:126.3,127.22 2 1
github.com/duynhlab/product-service/internal/logic/v1/service.go:131.2,132.16 2 8
github.com/duynhlab/product-service/internal/logic/v1/service.go:132.16,133.41 1 3
github.com/duynhlab/product-service/internal/logic/v1/service.go:133.41,136.4 2 2
github.com/duynhlab/product-service/internal/logic/v1/service.go:137.3,138.18 2 1
github.com/duynhlab/product-service/internal/logic/v1/service.go:141.2,142.21 2 5
github.com/duynhlab/product-service/internal/logic/v1/service.go:146.121,155.16 4 4
github.com/duynhlab/product-service/internal/logic/v1/service.go:155.16,158.3 2 1
github.com/duynhlab/product-service/internal/logic/v1/service.go:160.2,160.22 1 3
github.com/duynhlab/product-service/internal/logic/v1/service.go:164.119,172.20 3 5
github.com/duynhlab/product-service/internal/logic/v1/service.go:172.20,175.3 2 2
github.com/duynhlab/product-service/internal/logic/v1/service.go:178.2,187.16 3 3
github.com/duynhlab/product-service/internal/logic/v1/service.go:187.16,190.3 2 1
github.com/duynhlab/product-service/internal/logic/v1/service.go:194.2,194.27 1 2
github.com/duynhlab/product-service/internal/logic/v1/service.go:194.27,196.67 1 1
github.com/duynhlab/product-service/internal/logic/v1/service.go:196.67,200.4 2 0
github.com/duynhlab/product-service/internal/logic/v1/service.go:203.2,209.21 3 2
github.com/duynhlab/product-service/internal/web/v1/handler.go:24.73,28.2 1 0
github.com/duynhlab/product-service/internal/web/v1/handler.go:30.55,48.50 5 0
github.com/duynhlab/product-service/internal/web/v1/handler.go:48.50,49.55 1 0
github.com/duynhlab/product-service/internal/web/v1/handler.go:49.55,51.4 1 0
github.com/duynhlab/product-service/internal/web/v1/handler.go:54.2,54.47 1 0
github.com/duynhlab/product-service/internal/web/v1/handler.go:54.47,55.53 1 0
github.com/duynhlab/product-service/internal/web/v1/handler.go:55.53,57.4 1 0
github.com/duynhlab/product-service/internal/web/v1/handler.go:60.2,61.16 2 0
github.com/duynhlab/product-service/internal/web/v1/handler.go:61.16,66.3 4 0
github.com/duynhlab/product-service/internal/web/v1/handler.go:68.2,72.4 2 0
github.com/duynhlab/product-service/internal/web/v1/handler.go:75.53,88.16 7 0
github.com/duynhlab/product-service/internal/web/v1/handler.go:88.16,92.10 3 0
github.com/duynhlab/product-service/internal/web/v1/handler.go:93.51,94.68 1 0
github.com/duynhlab/product-service/internal/web/v1/handler.go:95.11,96.83 1 0
github.com/duynhlab/product-service/internal/web/v1/handler.go:98.3,98.9 1 0
github.com/duynhlab/product-service/internal/web/v1/handler.go:101.2,102.32 2 0
github.com/duynhlab/product-service/internal/web/v1/handler.go:105.56,116.47 5 0
github.com/duynhlab/product-service/internal/web/v1/handler.go:116.47,122.3 5 0
github.com/duynhlab/product-service/internal/web/v1/handler.go:124.2,126.16 3 0
github.com/duynhlab/product-service/internal/web/v1/handler.go:126.16,130.10 3 0
github.com/duynhlab/product-service/internal/web/v1/handler.go:131.48,132.66 1 0
github.com/duynhlab/product-service/internal/web/v1/handler.go:133.53,134.71 1 0
github.com/duynhlab/product-service/internal/web/v1/handler.go:135.11,136.83 1 0
github.com/duynhlab/product-service/internal/web/v1/handler.go:138.3,138.9 1 0
github.com/duynhlab/product-service/internal/web/v1/handler.go:141.2,142.37 2 0
github.com/duynhlab/product-service/internal/web/v1/handler.go:146.60,159.16 7 0
github.com/duynhlab/product-service/internal/web/v1/handler.go:159.16,163.10 3 0
github.com/duynhlab/product-service/internal/web/v1/handler.go:164.51,165.68 1 0
github.com/duynhlab/product-service/internal/web/v1/handler.go:166.11,167.83 1 0
github.com/duynhlab/product-service/internal/web/v1/handler.go:169.3,169.9 1 0
github.com/duynhlab/product-service/internal/web/v1/handler.go:173.2,188.33 3 0
github.com/duynhlab/product-service/internal/web/v1/review_client.go:23.59,25.2 1 0
github.com/duynhlab/product-service/internal/web/v1/review_client.go:28.127,42.16 6 0
github.com/duynhlab/product-service/internal/web/v1/review_client.go:42.16,47.3 4 0
github.com/duynhlab/product-service/internal/web/v1/review_client.go:49.2,53.33 4 0
github.com/duynhlab/product-service/internal/web/v1/review_client.go:53.33,55.3 1 0
github.com/duynhlab/product-service/internal/web/v1/review_client.go:57.2,63.21 3 0
github.com/duynhlab/product-service/internal/web/v1/review_client.go:68.57,70.36 2 0
github.com/duynhlab/product-service/internal/web/v1/review_client.go:70.36,72.3 1 0
github.com/duynhlab/product-service/internal/web/v1/review_client.go:74.2,82.3 1 0
github.com/duynhlab/product-service/middleware/logging.go:18.40,20.70 1 0
github.com/duynhlab/product-service/middleware/logging.go:20.70,24.40 2 0
github.com/duynhlab/product-service/middleware/logging.go:24.40,26.4 1 0
github.com/duynhlab/product-service/middleware/logging.go:30.2,30.58 1 0
github.com/duynhlab/product-service/middleware/logging.go:30.58,32.3 1 0
github.com/duynhlab/product-service/middleware/logging.go:35.2,35.26 1 0
github.com/duynhlab/product-service/middleware/logging.go:39.52,43.29 3 0
github.com/duynhlab/product-service/middleware/logging.go:43.29,44.28 1 0
github.com/duynhlab/product-service/middleware/logging.go:44.28,45.17 1 0
github.com/duynhlab/product-service/middleware/logging.go:45.17,47.5 1 0
github.com/duynhlab/product-service/middleware/logging.go:48.4,48.17 1 0
github.com/duynhlab/product-service/middleware/logging.go:51.2,51.30 1 0
github.com/duynhlab/product-service/middleware/logging.go:51.30,53.3 1 0
github.com/duynhlab/product-service/middleware/logging.go:54.2,54.14 1 0
github.com/duynhlab/product-service/middleware/logging.go:58.31,63.2 3 0
github.com/duynhlab/product-service/middleware/logging.go:66.60,67.30 1 0
github.com/duynhlab/product-service/middleware/logging.go:67.30,75.20 5 0
github.com/duynhlab/product-service/middleware/logging.go:75.20,77.4 1 0
github.com/duynhlab/product-service/middleware/logging.go:80.3,108.24 9 0
github.com/duynhlab/product-service/middleware/logging.go:108.24,116.4 1 0
github.com/duynhlab/product-service/middleware/logging.go:121.79,123.13 2 0
github.com/duynhlab/product-service/middleware/logging.go:123.13,125.3 1 0
github.com/duynhlab/product-service/middleware/logging.go:126.2,126.66 1 0
github.com/duynhlab/product-service/middleware/logging.go:130.58,132.12 2 0
github.com/duynhlab/product-service/middleware/logging.go:132.12,133.43 1 0
github.com/duynhlab/product-service/middleware/logging.go:133.43,135.4 1 0
github.com/duynhlab/product-service/middleware/logging.go:138.2,139.15 2 0
github.com/duynhlab/product-service/middleware/logging.go:143.39,152.2 7 0
github.com/duynhlab/product-service/middleware/logging.go:155.50,159.2 3 0
github.com/duynhlab/product-service/middleware/profiling.go:12.28,19.29 3 0
github.com/duynhlab/product-service/middleware/profiling.go:19.29,21.3 1 0
github.com/duynhlab/product-service/middleware/profiling.go:24.2,49.12 4 0
github.com/duynhlab/product-service/middleware/profiling.go:53.22,54.21 1 0
github.com/duynhlab/product-service/middleware/profiling.go:54.21,56.3 1 0
github.com/duynhlab/product-service/middleware/prometheus.go:57.45,66.47 2 0
github.com/duynhlab/product-service/middleware/prometheus.go:66.47,67.40 1 0
github.com/duynhlab/product-service/middleware/prometheus.go:67.40,69.4 1 0
github.com/duynhlab/product-service/middleware/prometheus.go:72.2,72.13 1 0
github.com/duynhlab/product-service/middleware/prometheus.go:75.45,76.30 1 0
github.com/duynhlab/product-service/middleware/prometheus.go:76.30,80.48 3 0
github.com/duynhlab/product-service/middleware/prometheus.go:80.48,83.4 2 0
github.com/duynhlab/product-service/middleware/prometheus.go:87.3,88.17 2 0
github.com/duynhlab/product-service/middleware/prometheus.go:88.17,90.4 1 0
github.com/duynhlab/product-service/middleware/prometheus.go:92.3,101.38 6 0
github.com/duynhlab/product-service/middleware/prometheus.go:101.38,105.4 1 0
github.com/duynhlab/product-service/middleware/prometheus.go:105.9,107.4 1 0
github.com/duynhlab/product-service/middleware/prometheus.go:109.3,112.55 3 0
github.com/duynhlab/product-service/middleware/resource.go:20.58,25.23 2 0
github.com/duynhlab/product-service/middleware/resource.go:25.23,28.20 2 0
github.com/duynhlab/product-service/middleware/resource.go:28.20,31.4 1 0
github.com/duynhlab/product-service/middleware/resource.go:43.3,43.20 1 0
github.com/duynhlab/product-service/middleware/resource.go:43.20,45.23 2 0
github.com/duynhlab/product-service/middleware/resource.go:45.23,48.5 1 0
github.com/duynhlab/product-service/middleware/resource.go:48.10,48.29 1 0
github.com/duynhlab/product-service/middleware/resource.go:48.29,51.5 1 0
github.com/duynhlab/product-service/middleware/resource.go:56.2,56.23 1 0
github.com/duynhlab/product-service/middleware/resource.go:56.23,58.3 1 0
github.com/duynhlab/product-service/middleware/resource.go:62.2,62.65 1 0
github.com/duynhlab/product-service/middleware/resource.go:62.65,63.50 1 0
github.com/duynhlab/product-service/middleware/resource.go:63.50,65.52 2 0
github.com/duynhlab/product-service/middleware/resource.go:65.52,68.5 2 0
github.com/duynhlab/product-service/middleware/resource.go:74.2,74.101 1 0
github.com/duynhlab/product-service/middleware/resource.go:74.101,77.3 2 0
github.com/duynhlab/product-service/middleware/resource.go:80.2,80.48 1 0
github.com/duynhlab/product-service/middleware/resource.go:80.48,83.3 2 0
github.com/duynhlab/product-service/middleware/resource.go:86.2,87.31 2 0
github.com/duynhlab/product-service/middleware/resource.go:92.70,110.16 3 0
github.com/duynhlab/product-service/middleware/resource.go:110.16,118.3 2 0
github.com/duynhlab/product-service/middleware/resource.go:120.2,120.17 1 0
github.com/duynhlab/product-service/middleware/resource.go:124.52,125.40 1 0
github.com/duynhlab/product-service/middleware/resource.go:125.40,126.41 1 0
github.com/duynhlab/product-service/middleware/resource.go:126.41,128.4 1 0
github.com/duynhlab/product-service/middleware/resource.go:130.2,130.35 1 0
github.com/duynhlab/product-service/middleware/tracing.go:36.72,38.26 1 0
github.com/duynhlab/product-service/middleware/tracing.go:38.26,40.3 1 0
github.com/duynhlab/product-service/middleware/tracing.go:43.2,43.32 1 0
github.com/duynhlab/product-service/middleware/tracing.go:43.32,45.3 1 0
github.com/duynhlab/product-service/middleware/tracing.go:46.2,46.64 1 0
github.com/duynhlab/product-service/middleware/tracing.go:46.64,48.3 1 0
github.com/duynhlab/product-service/middleware/tracing.go:51.2,62.16 4 0
github.com/duynhlab/product-service/middleware/tracing.go:62.16,64.3 1 0
github.com/duynhlab/product-service/middleware/tracing.go:68.2,69.16 2 0
github.com/duynhlab/product-service/middleware/tracing.go:69.16,71.3 1 0
github.com/duynhlab/product-service/middleware/tracing.go:74.2,75.76 2 0
github.com/duynhlab/product-service/middleware/tracing.go:75.76,77.3 1 0
github.com/duynhlab/product-service/middleware/tracing.go:83.2,105.28 5 0
github.com/duynhlab/product-service/middleware/tracing.go:110.36,115.33 2 0
github.com/duynhlab/product-service/middleware/tracing.go:115.33,116.36 1 0
github.com/duynhlab/product-service/middleware/tracing.go:116.36,118.4 1 0
github.com/duynhlab/product-service/middleware/tracing.go:120.2,120.13 1 0
github.com/duynhlab/product-service/middleware/tracing.go:130.42,132.23 2 0
github.com/duynhlab/product-service/middleware/tracing.go:132.23,134.3 1 0
github.com/duynhlab/product-service/middleware/tracing.go:137.2,142.30 2 0
github.com/duynhlab/product-service/middleware/tracing.go:142.30,144.39 1 0
github.com/duynhlab/product-service/middleware/tracing.go:144.39,147.4 2 0
github.com/duynhlab/product-service/middleware/tracing.go:150.3,150.20 1 0
github.com/duynhlab/product-service/middleware/tracing.go:155.31,156.19 1 0
github.com/duynhlab/product-service/middleware/tracing.go:156.19,158.24 2 0
github.com/duynhlab/product-service/middleware/tracing.go:158.24,160.4 1 0
github.com/duynhlab/product-service/middleware/tracing.go:161.3,161.36 1 0
github.com/duynhlab/product-service/middleware/tracing.go:163.2,163.15 1 0
github.com/duynhlab/product-service/middleware/tracing.go:173.111,176.2 2 0
github.com/duynhlab/product-service/middleware/tracing.go:191.42,192.27 1 0
github.com/duynhlab/product-service/middleware/tracing.go:192.27,194.3 1 0
github.com/duynhlab/product-service/middleware/tracing.go:197.2,197.55 1 0
github.com/duynhlab/product-service/middleware/tracing.go:197.55,199.3 1 0
github.com/duynhlab/product-service/middleware/tracing.go:202.2,202.53 1 0
github.com/duynhlab/product-service/middleware/tracing.go:202.53,204.3 1 0
github.com/duynhlab/product-service/middleware/tracing.go:206.2,206.12 1 0
github.com/duynhlab/product-service/middleware/tracing.go:219.74,221.24 2 0
github.com/duynhlab/product-service/middleware/tracing.go:221.24,223.3 1 0
github.com/duynhlab/product-service/middleware/tracing.go:233.82,235.24 2 0
github.com/duynhlab/product-service/middleware/tracing.go:235.24,237.3 1 0
github.com/duynhlab/product-service/middleware/tracing.go:248.50,250.24 2 0
github.com/duynhlab/product-service/middleware/tracing.go:250.24,253.3 2 0
github.com/duynhlab/product-service/middleware/tracing.go:261.78,263.24 2 0
github.com/duynhlab/product-service/middleware/tracing.go:263.24,265.3 1 0
